[www.webedit.io/tdp/tdp/favicon.ico]
[backblue.gif]
[fade.gif]
[index.html]
[kit.fontawesome.com/624d8628b2.js]
[www.webedit.io/tdp/tdp/img-00.png]
[www.webedit.io/tdp/tdp/img-01.jpg]
[www.webedit.io/tdp/tdp/img-02.jpg]
[www.webedit.io/tdp/tdp/img-03.jpg]
[www.webedit.io/tdp/tdp/img-04.jpg]
[www.webedit.io/tdp/tdp/img-05.jpg]
[www.webedit.io/tdp/tdp/img-06.jpg]
[www.webedit.io/tdp/tdp/img-07.jpg]
[www.webedit.io/tdp/tdp/img-08.jpg]
[www.webedit.io/tdp/tdp/img-09.jpg]
[www.webedit.io/tdp/tdp/img-10.jpg]
[www.webedit.io/tdp/tdp/img-11.jpg]
[www.webedit.io/tdp/tdp/img-12.jpg]
[www.webedit.io/tdp/tdp/jquery.js]
[www.webedit.io/tdp/tdp/bootstrap.js]
[www.webedit.io/tdp/tdp/jquery_002.js]
[www.webedit.io/tdp/tdp/scrollreveal.js]
[www.webedit.io/tdp/tdp/jquery_003.js]
[www.webedit.io/tdp/tdp/creative.js]
[www.webedit.io/tdp/index.html]
[www.webedit.io/tdp/tdp/bootstrap.css]
[www.webedit.io/tdp/tdp/all.css]
[www.webedit.io/tdp/tdp/magnific-popup.css]
[www.webedit.io/tdp/tdp/creative.css]
[www.webedit.io/tdp/webfonts/fa-brands-400.html]
[www.webedit.io/tdp/webfonts/fa-brands-400d41d.html]
[www.webedit.io/tdp/webfonts/fa-brands-401.html]
[www.webedit.io/tdp/webfonts/fa-brands-402.html]
[www.webedit.io/tdp/webfonts/fa-brands-403.html]
[www.webedit.io/tdp/webfonts/fa-brands-404.html]
[www.webedit.io/tdp/webfonts/fa-regular-400.html]
[www.webedit.io/tdp/webfonts/fa-regular-400d41d.html]
[www.webedit.io/tdp/webfonts/fa-regular-401.html]
[www.webedit.io/tdp/webfonts/fa-regular-402.html]
[www.webedit.io/tdp/webfonts/fa-regular-403.html]
[www.webedit.io/tdp/webfonts/fa-regular-404.html]
[www.webedit.io/tdp/webfonts/fa-solid-900.html]
[www.webedit.io/tdp/webfonts/fa-solid-900d41d.html]
[www.webedit.io/tdp/webfonts/fa-solid-901.html]
[www.webedit.io/tdp/webfonts/fa-solid-902.html]
[www.webedit.io/tdp/webfonts/fa-solid-903.html]
[www.webedit.io/tdp/webfonts/fa-solid-904.html]
